// Jest Snapshot v1, https://goo.gl/fbAQLP

exports[`CardList component expects to render Cardlist component 1`] = `
"<div>
  <Card id={1} name=\\"John Snow\\" email=\\"john@gmail.com\\" />
</div>"
`;
